// Vitest Snapshot v1, https://vitest.dev/guide/snapshot.html

exports[`Header matches snapshot 1`] = `
{
  "asFragment": [Function],
  "baseElement": <body>
    <div>
      <nav
        class="navbar navbar-expand-lg bg-body-tertiary"
      >
        <div
          class="container-fluid"
        >
          <svg
            class="bi bi-cloud-lightning-rain navbar-brand"
            fill="currentColor"
            height="50"
            viewBox="0 0 16 16"
            width="50"
            xmlns="http://www.w3.org/2000/svg"
          >
            <path
              d="M2.658 11.026a.5.5 0 0 1 .316.632l-.5 1.5a.5.5 0 1 1-.948-.316l.5-1.5a.5.5 0 0 1 .632-.316m9.5 0a.5.5 0 0 1 .316.632l-.5 1.5a.5.5 0 1 1-.948-.316l.5-1.5a.5.5 0 0 1 .632-.316m-7.5 1.5a.5.5 0 0 1 .316.632l-.5 1.5a.5.5 0 1 1-.948-.316l.5-1.5a.5.5 0 0 1 .632-.316m9.5 0a.5.5 0 0 1 .316.632l-.5 1.5a.5.5 0 1 1-.948-.316l.5-1.5a.5.5 0 0 1 .632-.316m-.753-8.499a5.001 5.001 0 0 0-9.499-1.004A3.5 3.5 0 1 0 3.5 10H13a3 3 0 0 0 .405-5.973M8.5 1a4 4 0 0 1 3.976 3.555.5.5 0 0 0 .5.445H13a2 2 0 0 1 0 4H3.5a2.5 2.5 0 1 1 .605-4.926.5.5 0 0 0 .596-.329A4 4 0 0 1 8.5 1M7.053 11.276A.5.5 0 0 1 7.5 11h1a.5.5 0 0 1 .474.658l-.28.842H9.5a.5.5 0 0 1 .39.812l-2 2.5a.5.5 0 0 1-.875-.433L7.36 14H6.5a.5.5 0 0 1-.447-.724z"
            />
          </svg>
          <button
            aria-controls="navbarToggler"
            aria-expanded="false"
            aria-label="Toggle navigation"
            class="navbar-toggler"
            data-bs-target="#navbarToggler"
            data-bs-toggle="collapse"
            type="button"
          >
            <span
              class="navbar-toggler-icon"
            />
          </button>
          <div
            class="collapse navbar-collapse"
            id="navbarToggler"
          >
            <ul
              class="navbar-nav me-auto mb-2 mb-lg-0"
            >
              <li
                class="nav-item"
              >
                <a
                  aria-current="page"
                  class="nav-link"
                  href="/"
                >
                  Home
                </a>
              </li>
              <li
                class="nav-item"
              >
                <a
                  aria-current="page"
                  class="nav-link"
                  href="/"
                >
                  Campaigns
                </a>
              </li>
              <li
                class="nav-item"
              >
                <a
                  aria-current="page"
                  class="nav-link"
                  href="/"
                >
                  Characters
                </a>
              </li>
              <li
                class="nav-item"
              >
                <a
                  aria-current="page"
                  class="nav-link"
                  href="/"
                >
                  Tools
                </a>
              </li>
            </ul>
          </div>
        </div>
      </nav>
    </div>
  </body>,
  "container": <div>
    <nav
      class="navbar navbar-expand-lg bg-body-tertiary"
    >
      <div
        class="container-fluid"
      >
        <svg
          class="bi bi-cloud-lightning-rain navbar-brand"
          fill="currentColor"
          height="50"
          viewBox="0 0 16 16"
          width="50"
          xmlns="http://www.w3.org/2000/svg"
        >
          <path
            d="M2.658 11.026a.5.5 0 0 1 .316.632l-.5 1.5a.5.5 0 1 1-.948-.316l.5-1.5a.5.5 0 0 1 .632-.316m9.5 0a.5.5 0 0 1 .316.632l-.5 1.5a.5.5 0 1 1-.948-.316l.5-1.5a.5.5 0 0 1 .632-.316m-7.5 1.5a.5.5 0 0 1 .316.632l-.5 1.5a.5.5 0 1 1-.948-.316l.5-1.5a.5.5 0 0 1 .632-.316m9.5 0a.5.5 0 0 1 .316.632l-.5 1.5a.5.5 0 1 1-.948-.316l.5-1.5a.5.5 0 0 1 .632-.316m-.753-8.499a5.001 5.001 0 0 0-9.499-1.004A3.5 3.5 0 1 0 3.5 10H13a3 3 0 0 0 .405-5.973M8.5 1a4 4 0 0 1 3.976 3.555.5.5 0 0 0 .5.445H13a2 2 0 0 1 0 4H3.5a2.5 2.5 0 1 1 .605-4.926.5.5 0 0 0 .596-.329A4 4 0 0 1 8.5 1M7.053 11.276A.5.5 0 0 1 7.5 11h1a.5.5 0 0 1 .474.658l-.28.842H9.5a.5.5 0 0 1 .39.812l-2 2.5a.5.5 0 0 1-.875-.433L7.36 14H6.5a.5.5 0 0 1-.447-.724z"
          />
        </svg>
        <button
          aria-controls="navbarToggler"
          aria-expanded="false"
          aria-label="Toggle navigation"
          class="navbar-toggler"
          data-bs-target="#navbarToggler"
          data-bs-toggle="collapse"
          type="button"
        >
          <span
            class="navbar-toggler-icon"
          />
        </button>
        <div
          class="collapse navbar-collapse"
          id="navbarToggler"
        >
          <ul
            class="navbar-nav me-auto mb-2 mb-lg-0"
          >
            <li
              class="nav-item"
            >
              <a
                aria-current="page"
                class="nav-link"
                href="/"
              >
                Home
              </a>
            </li>
            <li
              class="nav-item"
            >
              <a
                aria-current="page"
                class="nav-link"
                href="/"
              >
                Campaigns
              </a>
            </li>
            <li
              class="nav-item"
            >
              <a
                aria-current="page"
                class="nav-link"
                href="/"
              >
                Characters
              </a>
            </li>
            <li
              class="nav-item"
            >
              <a
                aria-current="page"
                class="nav-link"
                href="/"
              >
                Tools
              </a>
            </li>
          </ul>
        </div>
      </div>
    </nav>
  </div>,
  "debug": [Function],
  "findAllByAltText": [Function],
  "findAllByDisplayValue": [Function],
  "findAllByLabelText": [Function],
  "findAllByPlaceholderText": [Function],
  "findAllByRole": [Function],
  "findAllByTestId": [Function],
  "findAllByText": [Function],
  "findAllByTitle": [Function],
  "findByAltText": [Function],
  "findByDisplayValue": [Function],
  "findByLabelText": [Function],
  "findByPlaceholderText": [Function],
  "findByRole": [Function],
  "findByTestId": [Function],
  "findByText": [Function],
  "findByTitle": [Function],
  "getAllByAltText": [Function],
  "getAllByDisplayValue": [Function],
  "getAllByLabelText": [Function],
  "getAllByPlaceholderText": [Function],
  "getAllByRole": [Function],
  "getAllByTestId": [Function],
  "getAllByText": [Function],
  "getAllByTitle": [Function],
  "getByAltText": [Function],
  "getByDisplayValue": [Function],
  "getByLabelText": [Function],
  "getByPlaceholderText": [Function],
  "getByRole": [Function],
  "getByTestId": [Function],
  "getByText": [Function],
  "getByTitle": [Function],
  "queryAllByAltText": [Function],
  "queryAllByDisplayValue": [Function],
  "queryAllByLabelText": [Function],
  "queryAllByPlaceholderText": [Function],
  "queryAllByRole": [Function],
  "queryAllByTestId": [Function],
  "queryAllByText": [Function],
  "queryAllByTitle": [Function],
  "queryByAltText": [Function],
  "queryByDisplayValue": [Function],
  "queryByLabelText": [Function],
  "queryByPlaceholderText": [Function],
  "queryByRole": [Function],
  "queryByTestId": [Function],
  "queryByText": [Function],
  "queryByTitle": [Function],
  "rerender": [Function],
  "unmount": [Function],
}
`;
